// Jest Snapshot v1, https://goo.gl/fbAQLP

exports[`renders correctly with defaults 1`] = `
<View>
  <View
    style={
      Object {
        "alignItems": "center",
        "backgroundColor": "#ddd",
        "height": "100%",
        "justifyContent": "center",
      }
    }
  >
    <Text>
      hogehogefefefe
      fuga
    </Text>
  </View>
</View>
`;
